MPLINK 5.09, LINKER
Linker Map File - Created Thu May  5 22:52:58 2022

                                 Section Info
                  Section       Type    Address   Location Size(Bytes)
                ---------  ---------  ---------  ---------  ---------
                   .org_0       code   0x000000    program   0x000002
                   .cinit    romdata   0x000001    program   0x000004
                   .org_1       code   0x000004    program   0x00005a



                              Program Memory Usage 
                               Start         End      
                           ---------   ---------      
                            0x000000    0x000002      
                            0x000004    0x000030      
            48 out of 8454 program addresses used, program memory utilization is 0%



                              Symbols - Sorted by Name
                     Name    Address   Location    Storage File                     
                ---------  ---------  ---------  --------- ---------                
                    bank0   0x00002e    program     static /home/adam/MPLABXProjects/TP.X/main.asm
                    bank1   0x00002b    program     static /home/adam/MPLABXProjects/TP.X/main.asm
                      inc   0x00000d    program     static /home/adam/MPLABXProjects/TP.X/main.asm
                      int   0x000005    program     static /home/adam/MPLABXProjects/TP.X/main.asm
                     loop   0x00001b    program     static /home/adam/MPLABXProjects/TP.X/main.asm
                       re   0x00000f    program     static /home/adam/MPLABXProjects/TP.X/main.asm
                    setup   0x000011    program     static /home/adam/MPLABXProjects/TP.X/main.asm
                    table   0x00001f    program     static /home/adam/MPLABXProjects/TP.X/main.asm



                              Symbols - Sorted by Address
                     Name    Address   Location    Storage File                     
                ---------  ---------  ---------  --------- ---------                
                      int   0x000005    program     static /home/adam/MPLABXProjects/TP.X/main.asm
                      inc   0x00000d    program     static /home/adam/MPLABXProjects/TP.X/main.asm
                       re   0x00000f    program     static /home/adam/MPLABXProjects/TP.X/main.asm
                    setup   0x000011    program     static /home/adam/MPLABXProjects/TP.X/main.asm
                     loop   0x00001b    program     static /home/adam/MPLABXProjects/TP.X/main.asm
                    table   0x00001f    program     static /home/adam/MPLABXProjects/TP.X/main.asm
                    bank1   0x00002b    program     static /home/adam/MPLABXProjects/TP.X/main.asm
                    bank0   0x00002e    program     static /home/adam/MPLABXProjects/TP.X/main.asm


